// Jest Snapshot v1, https://goo.gl/fbAQLP

exports[`ExplorerToggle basic 1`] = `
<Button
  accessibleLabel={null}
  className=""
  dialogTrigger={true}
  href="#"
  isLoading={false}
  onClick={[Function]}
  preventDefault={true}
  target={null}
>
  <Icon
    className="icon--menuitem"
    name="folder-open-inverse"
    title={null}
  />
  <span>
    To infinity and beyond!
  </span>
  <Icon
    className="icon--submenu-trigger"
    name="arrow-right"
    title={null}
  />
</Button>
`;
